============================================================================
SKILL-ONLY HVORP  (QB dropped from every comparison)
Direct ratio = HVORP(first) / HVORP(second) among equal-priced pairs.
============================================================================

--- ktc / hwang  DIRECT MATCHUPS ---
  matchup        n plugs     ratio  B beats A by
  RB vs WR       701,600     1.473        +47.3%
  RB vs TE       330,000     1.334        +33.4%
  WR vs TE       438,800     0.854        -14.6%
  3-pos network (geo mean = 1.0): RB 1.246  WR 0.836  TE 0.960
  implied  RB/WR 1.489  RB/TE 1.298  WR/TE 0.872

--- ktc / regular  DIRECT MATCHUPS ---
  matchup        n plugs     ratio  B beats A by
  RB vs WR       702,800     1.223        +22.3%
  RB vs TE       330,400     1.581        +58.1%
  WR vs TE       439,600     1.210        +21.0%
  3-pos network (geo mean = 1.0): RB 1.238  WR 1.000  TE 0.808
  implied  RB/WR 1.239  RB/TE 1.533  WR/TE 1.238

--- ktc  FORMAT FACTOR (Hwang ratio ÷ Underdog ratio) ---
  RB/WR     Hwang 1.473  Underdog 1.223  factor 1.204
  RB/TE     Hwang 1.334  Underdog 1.581  factor 0.844
  WR/TE     Hwang 0.854  Underdog 1.210  factor 0.706

--- comp / hwang  DIRECT MATCHUPS ---
  matchup        n plugs     ratio  B beats A by
  RB vs WR       427,200     1.524        +52.4%
  RB vs TE       209,600     1.385        +38.5%
  WR vs TE       262,800     0.937         -6.3%
  3-pos network (geo mean = 1.0): RB 1.286  WR 0.849  TE 0.916
  implied  RB/WR 1.516  RB/TE 1.405  WR/TE 0.927

--- comp / regular  DIRECT MATCHUPS ---
  matchup        n plugs     ratio  B beats A by
  RB vs WR       429,200     1.271        +27.1%
  RB vs TE       210,400     1.632        +63.2%
  WR vs TE       262,800     1.330        +33.0%
  3-pos network (geo mean = 1.0): RB 1.279  WR 1.013  TE 0.771
  implied  RB/WR 1.262  RB/TE 1.659  WR/TE 1.314

--- comp  FORMAT FACTOR (Hwang ratio ÷ Underdog ratio) ---
  RB/WR     Hwang 1.524  Underdog 1.271  factor 1.200
  RB/TE     Hwang 1.385  Underdog 1.632  factor 0.849
  WR/TE     Hwang 0.937  Underdog 1.330  factor 0.704

============================================================================
POWER LAWS on skill-vs-skill pairs only, 3-pos mean gauge
m(v) = c · (v/5000)^k
============================================================================

ktc / hwang  (n = 3,675 skill pairs)
  RB: 1.232 · (v/5000)^+0.235   @1k 0.84x  @3k 1.09x  @5k 1.23x  @8k 1.38x
  WR: 0.837 · (v/5000)^-0.065   @1k 0.93x  @3k 0.86x  @5k 0.84x  @8k 0.81x
  TE: 0.970 · (v/5000)^-0.171   @1k 1.28x  @3k 1.06x  @5k 0.97x  @8k 0.89x
  implied ratios @5k  RB/WR 1.473  RB/TE 1.271  WR/TE 0.863

ktc / regular  (n = 3,681 skill pairs)
  RB: 1.214 · (v/5000)^+0.341   @1k 0.70x  @3k 1.02x  @5k 1.21x  @8k 1.43x
  WR: 1.014 · (v/5000)^-0.110   @1k 1.21x  @3k 1.07x  @5k 1.01x  @8k 0.96x
  TE: 0.812 · (v/5000)^-0.231   @1k 1.18x  @3k 0.91x  @5k 0.81x  @8k 0.73x
  implied ratios @5k  RB/WR 1.197  RB/TE 1.495  WR/TE 1.249

comp / hwang  (n = 2,150 skill pairs)
  RB: 1.271 · (v/5000)^+0.119   @1k 1.05x  @3k 1.20x  @5k 1.27x  @8k 1.34x
  WR: 0.825 · (v/5000)^-0.144   @1k 1.04x  @3k 0.89x  @5k 0.83x  @8k 0.77x
  TE: 0.953 · (v/5000)^+0.025   @1k 0.92x  @3k 0.94x  @5k 0.95x  @8k 0.96x
  implied ratios @5k  RB/WR 1.540  RB/TE 1.335  WR/TE 0.866

comp / regular  (n = 2,156 skill pairs)
  RB: 1.253 · (v/5000)^+0.187   @1k 0.93x  @3k 1.14x  @5k 1.25x  @8k 1.37x
  WR: 0.990 · (v/5000)^-0.208   @1k 1.38x  @3k 1.10x  @5k 0.99x  @8k 0.90x
  TE: 0.806 · (v/5000)^+0.022   @1k 0.78x  @3k 0.80x  @5k 0.81x  @8k 0.81x
  implied ratios @5k  RB/WR 1.266  RB/TE 1.555  WR/TE 1.228

============================================================================
BY VALUE BAND  (direct HVORP(first)/HVORP(second))
============================================================================

--- ktc  (Hwang / Underdog / factor) ---
band                       RB/WR                 RB/TE                 WR/TE
0k–2k        1.31/ 1.09/ 1.21      1.06/ 1.29/ 0.83      0.78/ 1.11/ 0.71
2k–4k        1.46/ 1.18/ 1.24      1.30/ 1.50/ 0.87      0.88/ 1.27/ 0.69
4k–6k        1.51/ 1.27/ 1.19      1.40/ 1.60/ 0.87      0.79/ 1.07/ 0.74
6k–+         1.45/ 1.24/ 1.17      1.48/ 1.87/ 0.79      0.99/ 1.45/ 0.68

--- comp  (Hwang / Underdog / factor) ---
band                       RB/WR                 RB/TE                 WR/TE
0k–2k        1.23/ 0.96/ 1.28      1.34/ 1.56/ 0.86      1.12/ 1.68/ 0.67
2k–4k        1.31/ 1.06/ 1.24      1.25/ 1.41/ 0.88      0.90/ 1.28/ 0.71
4k–6k        1.67/ 1.39/ 1.20      1.51/ 1.80/ 0.84      0.97/ 1.39/ 0.70
6k–+         1.56/ 1.34/ 1.16      1.59/ 2.00/ 0.79      0.88/ 1.23/ 0.71

============================================================================
BY YEAR  (direct ratios, Hwang / Underdog / factor)
============================================================================

--- ktc ---
year                     RB/WR                 RB/TE                 WR/TE
2021          1.33/ 1.10/ 1.20      1.28/ 1.65/ 0.78      0.86/ 1.34/ 0.65
2022          1.54/ 1.26/ 1.22      1.11/ 1.19/ 0.93      0.81/ 1.07/ 0.76
2023          1.33/ 1.10/ 1.21      1.26/ 1.53/ 0.83      0.93/ 1.36/ 0.69
2024          1.53/ 1.27/ 1.20      1.68/ 1.96/ 0.86      0.83/ 1.13/ 0.73
2025          1.63/ 1.40/ 1.16      1.36/ 1.63/ 0.83      0.85/ 1.20/ 0.71

--- comp ---
year                     RB/WR                 RB/TE                 WR/TE
2021          1.40/ 1.20/ 1.17      1.25/ 1.59/ 0.79      0.88/ 1.31/ 0.67
2022          1.51/ 1.22/ 1.24      1.54/ 1.74/ 0.89      1.16/ 1.62/ 0.72
2023          1.31/ 1.07/ 1.22      1.19/ 1.38/ 0.87      0.92/ 1.31/ 0.70
2024          1.55/ 1.28/ 1.21      1.47/ 1.65/ 0.89      0.95/ 1.34/ 0.71
2025          2.09/ 1.83/ 1.14      1.51/ 1.84/ 0.82      0.82/ 1.14/ 0.72

============================================================================
BY ARCHETYPE  (comp basis, direct ratios)
============================================================================

--- format: hwang ---
archetype                                      RB/WR   RB/TE   WR/TE
  2026 #5 — Zero RB + late 3QB                  1.64    1.46    0.92
  2026 #6 — Zero RB + elite 2QB                 1.63    1.45    0.91
  2026 #2 — Hero RB + elite 2QB                 1.54    1.38    0.92
  2026 #1 — Hero RB + late 3QB                  1.52    1.38    0.93
  2026 #7 — Robust RB + late 3QB                1.48    1.40    0.97
  2026 #8 — Robust RB + elite 2QB               1.48    1.38    0.97
  2026 #3 — Double-anchor + late 3QB            1.47    1.33    0.94
  2026 #4 — Double-anchor + elite 2QB           1.46    1.32    0.94

--- format: regular ---
archetype                                      RB/WR   RB/TE   WR/TE
  2026 #5 — Zero RB + late 3QB                  1.62    1.85    1.17
  2026 #6 — Zero RB + elite 2QB                 1.62    1.83    1.15
  2026 #2 — Hero RB + elite 2QB                 1.39    1.59    1.18
  2026 #1 — Hero RB + late 3QB                  1.34    1.64    1.26
  2026 #4 — Double-anchor + elite 2QB           1.15    1.44    1.32
  2026 #3 — Double-anchor + late 3QB            1.13    1.43    1.32
  2026 #7 — Robust RB + late 3QB                1.04    1.67    1.67
  2026 #8 — Robust RB + elite 2QB               1.02    1.64    1.68

wrote /Users/tomh/dev/dbb/example_data/hwang_true_sim_bbm_50/analysis/skill_only_ratios.png
wrote /Users/tomh/dev/dbb/example_data/hwang_true_sim_bbm_50/analysis/skill_only_ratio_curves.png
