Corrected 1879 comp rows with {
  QB: { c: 0.9333, k: 0.1737 },
  RB: { c: 1.2206, k: 0.1077 },
  WR: { c: 0.9047, k: -0.2324 },
  TE: { c: 0.9661, k: -0.0515 }
}

Running corrected-comp / hwang (200 builds, seed 1)…
  0% 2021: fetching weekly stats…
  10% 2021: 2025 #4 — The Ladds (12-6) — build 92/200 — done
  20% 2021: 2026 #7 — MrZaccheaus — build 200/200 — done
  30% 2022: 2025 #4 — The Ladds (12-6) — build 92/200 — done
  40% 2022: 2026 #7 — MrZaccheaus — build 200/200 — done
  50% 2023: 2025 #4 — The Ladds (12-6) — build 92/200 — done
  60% 2023: 2026 #7 — MrZaccheaus — build 200/200 — done
  70% 2024: 2025 #4 — The Ladds (12-6) — build 92/200 — done
  80% 2024: 2026 #7 — MrZaccheaus — build 200/200 — done
  90% 2025: 2025 #4 — The Ladds (12-6) — build 92/200 — done
  100% 2025: 2026 #7 — MrZaccheaus — build 200/200 — done
  done in 188s
  wrote candidates.csv: 1,341 rows
  wrote pairs.csv: 3,616 rows
  wrote archetype_player_hvorp.csv: 27,272 rows
  wrote matchups.csv: 606 rows

=== Corrected-board multipliers (mean-grounded) ===
{ QB: 0.977, RB: 1.154, WR: 0.957, TE: 0.927 }

Done.
